<?xml version="1.0" encoding="UTF-8"?>
<mappingRoot xmlns="http://www.ibm.com/2008/ccl/Mapping"
	domainID="com.ibm.msl.mapping.xml"
	domainIDExtension="zosconnect"
	targetNamespace="http://www.ibm.com/zosConnect/2.0/mapping/GET"
	version="8.0.5.0"
	xmlns:map="http://www.ibm.com/zosConnect/2.0/mapping/GET">

	<inlinedXMLSchema targetNamespace="http://www.ibm.com/zosConnect/2.0/mapping/JSON/input/GET"><![CDATA[

	<?xml version="1.0" encoding="UTF-8"?><xsd:schema xmlns:xsd="http://www.w3.org/2001/XMLSchema" targetNamespace="http://www.ibm.com/zosConnect/2.0/mapping/JSON/input/GET" xmlns:tns="http://www.ibm.com/zosConnect/2.0/mapping/JSON/input/GET">
  <xsd:element name="X774408_CIS_CIF_MQ_DETAIL_V01" type="tns:X774408_CIS_CIF_MQ_DETAIL_V01"/>
  <xsd:complexType name="X774408_CIS_CIF_MQ_DETAIL_V01">
    <xsd:sequence>
      <xsd:element name="X774251_RESPONSE_MESSAGE" type="tns:X774251_RESPONSE_MESSAGE"/>
      <xsd:element name="STDOUTPT_PRIMARY_HEADER" type="tns:STDOUTPT_PRIMARY_HEADER"/>
    </xsd:sequence>
  </xsd:complexType>
  <xsd:complexType name="X774251_RESPONSE_MESSAGE">
    <xsd:sequence>
      <xsd:element name="X774251_OCCUPATION_CODE">
        <xsd:simpleType>
          <xsd:restriction base="xsd:string">
            <xsd:maxLength value="4"/>
          </xsd:restriction>
        </xsd:simpleType>
      </xsd:element>
      <xsd:element name="X774251_ADR1_START_DATE">
        <xsd:simpleType>
          <xsd:restriction base="xsd:integer">
            <xsd:minInclusive value="0.0"/>
            <xsd:maxInclusive value="1.0E8"/>
          </xsd:restriction>
        </xsd:simpleType>
      </xsd:element>
      <xsd:element name="X774251_ADDR1_ZIP">
        <xsd:simpleType>
          <xsd:restriction base="xsd:string">
            <xsd:maxLength value="5"/>
          </xsd:restriction>
        </xsd:simpleType>
      </xsd:element>
      <xsd:element name="X774251_ADR1_DATA_TIE">
        <xsd:simpleType>
          <xsd:restriction base="xsd:integer">
            <xsd:minInclusive value="0.0"/>
            <xsd:maxInclusive value="99999.0"/>
          </xsd:restriction>
        </xsd:simpleType>
      </xsd:element>
      <xsd:element name="X774251_SENSITIVITY_CODE_N">
        <xsd:simpleType>
          <xsd:restriction base="xsd:integer">
            <xsd:minInclusive value="0.0"/>
            <xsd:maxInclusive value="9.0"/>
          </xsd:restriction>
        </xsd:simpleType>
      </xsd:element>
      <xsd:element name="X774251_COUNTRY_EXEMPT">
        <xsd:simpleType>
          <xsd:restriction base="xsd:string">
            <xsd:maxLength value="2"/>
          </xsd:restriction>
        </xsd:simpleType>
      </xsd:element>
      <xsd:element name="X774251_COST_CENTER">
        <xsd:simpleType>
          <xsd:restriction base="xsd:integer">
            <xsd:minInclusive value="0.0"/>
            <xsd:maxInclusive value="9999999.0"/>
          </xsd:restriction>
        </xsd:simpleType>
      </xsd:element>
      <xsd:element name="X774251_OPER_LAST_MAINT">
        <xsd:simpleType>
          <xsd:restriction base="xsd:string">
            <xsd:maxLength value="8"/>
          </xsd:restriction>
        </xsd:simpleType>
      </xsd:element>
      <xsd:element name="X774251_BRN">
        <xsd:simpleType>
          <xsd:restriction base="xsd:integer">
            <xsd:minInclusive value="0.0"/>
            <xsd:maxInclusive value="99999.0"/>
          </xsd:restriction>
        </xsd:simpleType>
      </xsd:element>
      <xsd:element maxOccurs="7" minOccurs="7" name="X774251_INDIV_PHONNBR_TBL" type="tns:X774251_INDIV_PHONNBR_TBL"/>
      <xsd:element name="X774251_TIE_BREAKER">
        <xsd:simpleType>
          <xsd:restriction base="xsd:integer">
            <xsd:minInclusive value="0.0"/>
            <xsd:maxInclusive value="99999.0"/>
          </xsd:restriction>
        </xsd:simpleType>
      </xsd:element>
      <xsd:element name="X774251_ADDR1_APT_NO">
        <xsd:simpleType>
          <xsd:restriction base="xsd:integer">
            <xsd:minInclusive value="0.0"/>
            <xsd:maxInclusive value="999.0"/>
          </xsd:restriction>
        </xsd:simpleType>
      </xsd:element>
      <xsd:element name="X774251_ADDR2_APT_NO">
        <xsd:simpleType>
          <xsd:restriction base="xsd:integer">
            <xsd:minInclusive value="0.0"/>
            <xsd:maxInclusive value="999.0"/>
          </xsd:restriction>
        </xsd:simpleType>
      </xsd:element>
      <xsd:element name="X774251_SSN_LAST_MAINT">
        <xsd:simpleType>
          <xsd:restriction base="xsd:integer">
            <xsd:minInclusive value="0.0"/>
            <xsd:maxInclusive value="1.0E8"/>
          </xsd:restriction>
        </xsd:simpleType>
      </xsd:element>
      <xsd:element name="X774251_SECURITY_CODE">
        <xsd:simpleType>
          <xsd:restriction base="xsd:string">
            <xsd:maxLength value="20"/>
          </xsd:restriction>
        </xsd:simpleType>
      </xsd:element>
      <xsd:element name="X774251_CUST_NO">
        <xsd:simpleType>
          <xsd:restriction base="xsd:integer">
            <xsd:minInclusive value="0.0"/>
            <xsd:maxInclusive value="9.99999986991104E14"/>
          </xsd:restriction>
        </xsd:simpleType>
      </xsd:element>
      <xsd:element name="X774251_ADR1_DATA_CITY">
        <xsd:simpleType>
          <xsd:restriction base="xsd:string">
            <xsd:maxLength value="25"/>
          </xsd:restriction>
        </xsd:simpleType>
      </xsd:element>
      <xsd:element name="X774251_ADR1_CI_ST_FROM_ZIP">
        <xsd:simpleType>
          <xsd:restriction base="xsd:string">
            <xsd:maxLength value="1"/>
          </xsd:restriction>
        </xsd:simpleType>
      </xsd:element>
      <xsd:element name="X774251_DATE_CUST_CLOSED">
        <xsd:simpleType>
          <xsd:restriction base="xsd:integer">
            <xsd:minInclusive value="0.0"/>
            <xsd:maxInclusive value="1.0E8"/>
          </xsd:restriction>
        </xsd:simpleType>
      </xsd:element>
      <xsd:element name="X774251_ADDR1_HASH">
        <xsd:simpleType>
          <xsd:restriction base="xsd:string">
            <xsd:maxLength value="6"/>
          </xsd:restriction>
        </xsd:simpleType>
      </xsd:element>
      <xsd:element name="X774251_CUST_TYPE">
        <xsd:simpleType>
          <xsd:restriction base="xsd:string">
            <xsd:maxLength value="1"/>
          </xsd:restriction>
        </xsd:simpleType>
      </xsd:element>
      <xsd:element name="X774251_ADR1_DATA_STATE">
        <xsd:simpleType>
          <xsd:restriction base="xsd:string">
            <xsd:maxLength value="15"/>
          </xsd:restriction>
        </xsd:simpleType>
      </xsd:element>
      <xsd:element name="X774251_ADR1_DATA_ZIP9">
        <xsd:simpleType>
          <xsd:restriction base="xsd:string">
            <xsd:maxLength value="9"/>
          </xsd:restriction>
        </xsd:simpleType>
      </xsd:element>
      <xsd:element name="X774251_ADR2_STATE_CODE">
        <xsd:simpleType>
          <xsd:restriction base="xsd:string">
            <xsd:maxLength value="2"/>
          </xsd:restriction>
        </xsd:simpleType>
      </xsd:element>
      <xsd:element name="X774251_ADR1_USE_OCC_NO">
        <xsd:simpleType>
          <xsd:restriction base="xsd:integer">
            <xsd:minInclusive value="0.0"/>
            <xsd:maxInclusive value="99999.0"/>
          </xsd:restriction>
        </xsd:simpleType>
      </xsd:element>
      <xsd:element name="X774251_EMAIL_DATE_LAST_MAINT">
        <xsd:simpleType>
          <xsd:restriction base="xsd:integer">
            <xsd:minInclusive value="0.0"/>
            <xsd:maxInclusive value="1.0E8"/>
          </xsd:restriction>
        </xsd:simpleType>
      </xsd:element>
      <xsd:element name="X774251_TAX_STATUS">
        <xsd:simpleType>
          <xsd:restriction base="xsd:string">
            <xsd:maxLength value="1"/>
          </xsd:restriction>
        </xsd:simpleType>
      </xsd:element>
      <xsd:element name="X774251_ADR2_DATA_ZIP9">
        <xsd:simpleType>
          <xsd:restriction base="xsd:string">
            <xsd:maxLength value="9"/>
          </xsd:restriction>
        </xsd:simpleType>
      </xsd:element>
      <xsd:element name="X774251_ADDR1_STREET">
        <xsd:simpleType>
          <xsd:restriction base="xsd:integer">
            <xsd:minInclusive value="0.0"/>
            <xsd:maxInclusive value="99999.0"/>
          </xsd:restriction>
        </xsd:simpleType>
      </xsd:element>
      <xsd:element name="X774251_ADR1_STATE_CODE">
        <xsd:simpleType>
          <xsd:restriction base="xsd:string">
            <xsd:maxLength value="2"/>
          </xsd:restriction>
        </xsd:simpleType>
      </xsd:element>
      <xsd:element name="X774251_ADVERTISING_IND">
        <xsd:simpleType>
          <xsd:restriction base="xsd:string">
            <xsd:maxLength value="1"/>
          </xsd:restriction>
        </xsd:simpleType>
      </xsd:element>
      <xsd:element name="X774251_DISCLOSURE_IND">
        <xsd:simpleType>
          <xsd:restriction base="xsd:string">
            <xsd:maxLength value="1"/>
          </xsd:restriction>
        </xsd:simpleType>
      </xsd:element>
      <xsd:element name="X774251_OCC_GROUP_CODE">
        <xsd:simpleType>
          <xsd:restriction base="xsd:string">
            <xsd:maxLength value="3"/>
          </xsd:restriction>
        </xsd:simpleType>
      </xsd:element>
      <xsd:element name="X774251_DATE_BUS_EST">
        <xsd:simpleType>
          <xsd:restriction base="xsd:integer">
            <xsd:minInclusive value="0.0"/>
            <xsd:maxInclusive value="1.0E8"/>
          </xsd:restriction>
        </xsd:simpleType>
      </xsd:element>
      <xsd:element name="X774251_AVG_CR_BALANCE">
        <xsd:simpleType>
          <xsd:restriction base="xsd:double">
            <xsd:minInclusive value="0.0"/>
            <xsd:maxInclusive value="1.00000000099E9"/>
          </xsd:restriction>
        </xsd:simpleType>
      </xsd:element>
      <xsd:element name="X774251_SEC_IND">
        <xsd:simpleType>
          <xsd:restriction base="xsd:string">
            <xsd:maxLength value="2"/>
          </xsd:restriction>
        </xsd:simpleType>
      </xsd:element>
      <xsd:element name="X774251_ADDR1_FORGN_IND">
        <xsd:simpleType>
          <xsd:restriction base="xsd:integer">
            <xsd:minInclusive value="0.0"/>
            <xsd:maxInclusive value="999.0"/>
          </xsd:restriction>
        </xsd:simpleType>
      </xsd:element>
      <xsd:element name="X774251_PLACE_OF_WORK">
        <xsd:simpleType>
          <xsd:restriction base="xsd:string">
            <xsd:maxLength value="40"/>
          </xsd:restriction>
        </xsd:simpleType>
      </xsd:element>
      <xsd:element name="X774251_CUST_DATE_OF_BIRTH">
        <xsd:simpleType>
          <xsd:restriction base="xsd:integer">
            <xsd:minInclusive value="0.0"/>
            <xsd:maxInclusive value="1.0E8"/>
          </xsd:restriction>
        </xsd:simpleType>
      </xsd:element>
      <xsd:element name="X774251_ADDR2_HASH">
        <xsd:simpleType>
          <xsd:restriction base="xsd:string">
            <xsd:maxLength value="6"/>
          </xsd:restriction>
        </xsd:simpleType>
      </xsd:element>
      <xsd:element name="X774251_ADR1_HH_ID">
        <xsd:simpleType>
          <xsd:restriction base="xsd:integer">
            <xsd:minInclusive value="0.0"/>
            <xsd:maxInclusive value="1.0E9"/>
          </xsd:restriction>
        </xsd:simpleType>
      </xsd:element>
      <xsd:element name="X774251_ADR1_DATA_STREET0">
        <xsd:simpleType>
          <xsd:restriction base="xsd:string">
            <xsd:maxLength value="40"/>
          </xsd:restriction>
        </xsd:simpleType>
      </xsd:element>
      <xsd:element name="X774251_ADR1_DATA_STREET1">
        <xsd:simpleType>
          <xsd:restriction base="xsd:string">
            <xsd:maxLength value="40"/>
          </xsd:restriction>
        </xsd:simpleType>
      </xsd:element>
      <xsd:element name="X774251_ADR1_DATA_STREET2">
        <xsd:simpleType>
          <xsd:restriction base="xsd:string">
            <xsd:maxLength value="40"/>
          </xsd:restriction>
        </xsd:simpleType>
      </xsd:element>
      <xsd:element name="X774251_ADR2_DATA_CITY">
        <xsd:simpleType>
          <xsd:restriction base="xsd:string">
            <xsd:maxLength value="25"/>
          </xsd:restriction>
        </xsd:simpleType>
      </xsd:element>
      <xsd:element name="X774251_VALUE_FLAG">
        <xsd:simpleType>
          <xsd:restriction base="xsd:string">
            <xsd:maxLength value="7"/>
          </xsd:restriction>
        </xsd:simpleType>
      </xsd:element>
      <xsd:element name="X774251_NAME_2">
        <xsd:simpleType>
          <xsd:restriction base="xsd:string">
            <xsd:maxLength value="40"/>
          </xsd:restriction>
        </xsd:simpleType>
      </xsd:element>
      <xsd:element name="X774251_NAME_1" type="tns:X774251_NAME_1"/>
      <xsd:element name="X774251_ADR2_USE_CODE">
        <xsd:simpleType>
          <xsd:restriction base="xsd:string">
            <xsd:maxLength value="2"/>
          </xsd:restriction>
        </xsd:simpleType>
      </xsd:element>
      <xsd:element name="X774251_SIC_CODE">
        <xsd:simpleType>
          <xsd:restriction base="xsd:string">
            <xsd:maxLength value="4"/>
          </xsd:restriction>
        </xsd:simpleType>
      </xsd:element>
      <xsd:element name="X774251_CUST_DATE_DECEASED">
        <xsd:simpleType>
          <xsd:restriction base="xsd:integer">
            <xsd:minInclusive value="0.0"/>
            <xsd:maxInclusive value="1.0E8"/>
          </xsd:restriction>
        </xsd:simpleType>
      </xsd:element>
      <xsd:element name="X774251_OFF_2">
        <xsd:simpleType>
          <xsd:restriction base="xsd:string">
            <xsd:maxLength value="5"/>
          </xsd:restriction>
        </xsd:simpleType>
      </xsd:element>
      <xsd:element name="X774251_OFF_1">
        <xsd:simpleType>
          <xsd:restriction base="xsd:string">
            <xsd:maxLength value="5"/>
          </xsd:restriction>
        </xsd:simpleType>
      </xsd:element>
      <xsd:element name="X774251_PERFORMANCE_IND">
        <xsd:simpleType>
          <xsd:restriction base="xsd:string">
            <xsd:maxLength value="2"/>
          </xsd:restriction>
        </xsd:simpleType>
      </xsd:element>
      <xsd:element name="X774251_ADDR2_ZIP">
        <xsd:simpleType>
          <xsd:restriction base="xsd:string">
            <xsd:maxLength value="5"/>
          </xsd:restriction>
        </xsd:simpleType>
      </xsd:element>
      <xsd:element name="X774251_ADR2_HH_ID">
        <xsd:simpleType>
          <xsd:restriction base="xsd:integer">
            <xsd:minInclusive value="0.0"/>
            <xsd:maxInclusive value="1.0E9"/>
          </xsd:restriction>
        </xsd:simpleType>
      </xsd:element>
      <xsd:element name="X774251_ADR2_COUNTY_CODE">
        <xsd:simpleType>
          <xsd:restriction base="xsd:string">
            <xsd:maxLength value="3"/>
          </xsd:restriction>
        </xsd:simpleType>
      </xsd:element>
      <xsd:element name="X774251_ADR1_COUNTY_CODE">
        <xsd:simpleType>
          <xsd:restriction base="xsd:string">
            <xsd:maxLength value="3"/>
          </xsd:restriction>
        </xsd:simpleType>
      </xsd:element>
      <xsd:element name="X774251_TOTAL_CML_CONTACTS">
        <xsd:simpleType>
          <xsd:restriction base="xsd:integer">
            <xsd:minInclusive value="0.0"/>
            <xsd:maxInclusive value="999.0"/>
          </xsd:restriction>
        </xsd:simpleType>
      </xsd:element>
      <xsd:element name="X774251_ADR1_END_DATE">
        <xsd:simpleType>
          <xsd:restriction base="xsd:integer">
            <xsd:minInclusive value="0.0"/>
            <xsd:maxInclusive value="1.0E8"/>
          </xsd:restriction>
        </xsd:simpleType>
      </xsd:element>
      <xsd:element name="X774251_DATE_LAST_CONTACT">
        <xsd:simpleType>
          <xsd:restriction base="xsd:integer">
            <xsd:minInclusive value="0.0"/>
            <xsd:maxInclusive value="1.0E8"/>
          </xsd:restriction>
        </xsd:simpleType>
      </xsd:element>
      <xsd:element name="X774251_ADR2_DATA_CTRY_CD">
        <xsd:simpleType>
          <xsd:restriction base="xsd:string">
            <xsd:maxLength value="2"/>
          </xsd:restriction>
        </xsd:simpleType>
      </xsd:element>
      <xsd:element name="X774251_GOVT_REF_TYPE">
        <xsd:simpleType>
          <xsd:restriction base="xsd:string">
            <xsd:maxLength value="1"/>
          </xsd:restriction>
        </xsd:simpleType>
      </xsd:element>
      <xsd:element name="X774251_ADDR1_TIE">
        <xsd:simpleType>
          <xsd:restriction base="xsd:integer">
            <xsd:minInclusive value="0.0"/>
            <xsd:maxInclusive value="99999.0"/>
          </xsd:restriction>
        </xsd:simpleType>
      </xsd:element>
      <xsd:element name="X774251_CUST_MAIL_TITLE">
        <xsd:simpleType>
          <xsd:restriction base="xsd:string">
            <xsd:maxLength value="40"/>
          </xsd:restriction>
        </xsd:simpleType>
      </xsd:element>
      <xsd:element name="X774251_EMAIL">
        <xsd:simpleType>
          <xsd:restriction base="xsd:string">
            <xsd:maxLength value="120"/>
          </xsd:restriction>
        </xsd:simpleType>
      </xsd:element>
      <xsd:element name="X774251_EMAIL_OPER_LAST_MAINT">
        <xsd:simpleType>
          <xsd:restriction base="xsd:string">
            <xsd:maxLength value="8"/>
          </xsd:restriction>
        </xsd:simpleType>
      </xsd:element>
      <xsd:element name="X774251_CUST_STATUS">
        <xsd:simpleType>
          <xsd:restriction base="xsd:string">
            <xsd:maxLength value="2"/>
          </xsd:restriction>
        </xsd:simpleType>
      </xsd:element>
      <xsd:element name="X774251_SSN_TAXID_IND">
        <xsd:simpleType>
          <xsd:restriction base="xsd:string">
            <xsd:maxLength value="1"/>
          </xsd:restriction>
        </xsd:simpleType>
      </xsd:element>
      <xsd:element name="X774251_CUST_TYPE_CD">
        <xsd:simpleType>
          <xsd:restriction base="xsd:string">
            <xsd:maxLength value="2"/>
          </xsd:restriction>
        </xsd:simpleType>
      </xsd:element>
      <xsd:element name="X774251_ADR2_USE_OCC_NO">
        <xsd:simpleType>
          <xsd:restriction base="xsd:integer">
            <xsd:minInclusive value="0.0"/>
            <xsd:maxInclusive value="99999.0"/>
          </xsd:restriction>
        </xsd:simpleType>
      </xsd:element>
      <xsd:element name="X774251_CUST_MARITAL_STATUS">
        <xsd:simpleType>
          <xsd:restriction base="xsd:string">
            <xsd:maxLength value="1"/>
          </xsd:restriction>
        </xsd:simpleType>
      </xsd:element>
      <xsd:element name="X774251_TEST_PROD_IND">
        <xsd:simpleType>
          <xsd:restriction base="xsd:string">
            <xsd:maxLength value="1"/>
          </xsd:restriction>
        </xsd:simpleType>
      </xsd:element>
      <xsd:element name="X774251_ADR2_DATA_STATE">
        <xsd:simpleType>
          <xsd:restriction base="xsd:string">
            <xsd:maxLength value="15"/>
          </xsd:restriction>
        </xsd:simpleType>
      </xsd:element>
      <xsd:element name="X774251_TELEX_NBR">
        <xsd:simpleType>
          <xsd:restriction base="xsd:string">
            <xsd:maxLength value="16"/>
          </xsd:restriction>
        </xsd:simpleType>
      </xsd:element>
      <xsd:element name="X774251_ADR2_END_DATE">
        <xsd:simpleType>
          <xsd:restriction base="xsd:integer">
            <xsd:minInclusive value="0.0"/>
            <xsd:maxInclusive value="1.0E8"/>
          </xsd:restriction>
        </xsd:simpleType>
      </xsd:element>
      <xsd:element maxOccurs="3" minOccurs="3" name="X774251_CML_CONT_TBL" type="tns:X774251_CML_CONT_TBL"/>
      <xsd:element name="X774251_CUST_LANG_CD">
        <xsd:simpleType>
          <xsd:restriction base="xsd:string">
            <xsd:maxLength value="3"/>
          </xsd:restriction>
        </xsd:simpleType>
      </xsd:element>
      <xsd:element name="X774251_DATE_LAST_MAINT">
        <xsd:simpleType>
          <xsd:restriction base="xsd:integer">
            <xsd:minInclusive value="0.0"/>
            <xsd:maxInclusive value="1.0E8"/>
          </xsd:restriction>
        </xsd:simpleType>
      </xsd:element>
      <xsd:element name="X774251_EMPLOYEE_IND">
        <xsd:simpleType>
          <xsd:restriction base="xsd:string">
            <xsd:maxLength value="1"/>
          </xsd:restriction>
        </xsd:simpleType>
      </xsd:element>
      <xsd:element name="X774251_ADDR2_STREET">
        <xsd:simpleType>
          <xsd:restriction base="xsd:integer">
            <xsd:minInclusive value="0.0"/>
            <xsd:maxInclusive value="99999.0"/>
          </xsd:restriction>
        </xsd:simpleType>
      </xsd:element>
      <xsd:element name="X774251_CUST_ID">
        <xsd:simpleType>
          <xsd:restriction base="xsd:string">
            <xsd:maxLength value="9"/>
          </xsd:restriction>
        </xsd:simpleType>
      </xsd:element>
      <xsd:element name="X774251_GOVT_REF_NO">
        <xsd:simpleType>
          <xsd:restriction base="xsd:integer">
            <xsd:minInclusive value="0.0"/>
            <xsd:maxInclusive value="9.9999997952E10"/>
          </xsd:restriction>
        </xsd:simpleType>
      </xsd:element>
      <xsd:element name="X774251_ALIAS_RECORD_IND">
        <xsd:simpleType>
          <xsd:restriction base="xsd:string">
            <xsd:maxLength value="1"/>
          </xsd:restriction>
        </xsd:simpleType>
      </xsd:element>
      <xsd:element name="X774251_DATE_BANKRUPT">
        <xsd:simpleType>
          <xsd:restriction base="xsd:integer">
            <xsd:minInclusive value="0.0"/>
            <xsd:maxInclusive value="1.0E8"/>
          </xsd:restriction>
        </xsd:simpleType>
      </xsd:element>
      <xsd:element maxOccurs="20" minOccurs="20" name="X774251_BANK_RELATIONSHIPS" type="tns:X774251_BANK_RELATIONSHIPS"/>
      <xsd:element maxOccurs="20" minOccurs="20" name="X774251_BANK_SERVICES" type="tns:X774251_BANK_SERVICES"/>
      <xsd:element name="X774251_ADR1_DATA_CTRY_CD">
        <xsd:simpleType>
          <xsd:restriction base="xsd:string">
            <xsd:maxLength value="2"/>
          </xsd:restriction>
        </xsd:simpleType>
      </xsd:element>
      <xsd:element name="X774251_ADR2_CI_ST_FROM_ZIP">
        <xsd:simpleType>
          <xsd:restriction base="xsd:string">
            <xsd:maxLength value="1"/>
          </xsd:restriction>
        </xsd:simpleType>
      </xsd:element>
      <xsd:element name="X774251_SALUTATION">
        <xsd:simpleType>
          <xsd:restriction base="xsd:string">
            <xsd:maxLength value="40"/>
          </xsd:restriction>
        </xsd:simpleType>
      </xsd:element>
      <xsd:element name="X774251_COE_EXPIRY_DATE">
        <xsd:simpleType>
          <xsd:restriction base="xsd:integer">
            <xsd:minInclusive value="0.0"/>
            <xsd:maxInclusive value="1.0E8"/>
          </xsd:restriction>
        </xsd:simpleType>
      </xsd:element>
      <xsd:element name="X774251_EXPAN_NAME_ID">
        <xsd:simpleType>
          <xsd:restriction base="xsd:string">
            <xsd:maxLength value="19"/>
          </xsd:restriction>
        </xsd:simpleType>
      </xsd:element>
      <xsd:element name="X774251_CD_ACCT_DETAILS" type="tns:X774251_CD_ACCT_DETAILS"/>
      <xsd:element name="X774251_INDIV_EMPLOYMT_TYPE">
        <xsd:simpleType>
          <xsd:restriction base="xsd:string">
            <xsd:maxLength value="2"/>
          </xsd:restriction>
        </xsd:simpleType>
      </xsd:element>
      <xsd:element name="X774251_ADR1_USE_CODE">
        <xsd:simpleType>
          <xsd:restriction base="xsd:string">
            <xsd:maxLength value="2"/>
          </xsd:restriction>
        </xsd:simpleType>
      </xsd:element>
      <xsd:element name="X774251_TOTAL_INDIV_PHONNBRS">
        <xsd:simpleType>
          <xsd:restriction base="xsd:integer">
            <xsd:minInclusive value="0.0"/>
            <xsd:maxInclusive value="999.0"/>
          </xsd:restriction>
        </xsd:simpleType>
      </xsd:element>
      <xsd:element name="X774251_ADR2_DATA_STREET0">
        <xsd:simpleType>
          <xsd:restriction base="xsd:string">
            <xsd:maxLength value="40"/>
          </xsd:restriction>
        </xsd:simpleType>
      </xsd:element>
      <xsd:element name="X774251_ADDR2_TIE">
        <xsd:simpleType>
          <xsd:restriction base="xsd:integer">
            <xsd:minInclusive value="0.0"/>
            <xsd:maxInclusive value="99999.0"/>
          </xsd:restriction>
        </xsd:simpleType>
      </xsd:element>
      <xsd:element name="X774251_DIARY_COMMENT_FLAG">
        <xsd:simpleType>
          <xsd:restriction base="xsd:string">
            <xsd:maxLength value="1"/>
          </xsd:restriction>
        </xsd:simpleType>
      </xsd:element>
      <xsd:element name="FILL_1">
        <xsd:simpleType>
          <xsd:restriction base="xsd:string">
            <xsd:maxLength value="5"/>
          </xsd:restriction>
        </xsd:simpleType>
      </xsd:element>
      <xsd:element name="X774251_ADR2_DATA_STREET1">
        <xsd:simpleType>
          <xsd:restriction base="xsd:string">
            <xsd:maxLength value="40"/>
          </xsd:restriction>
        </xsd:simpleType>
      </xsd:element>
      <xsd:element name="X774251_ADR2_DATA_STREET2">
        <xsd:simpleType>
          <xsd:restriction base="xsd:string">
            <xsd:maxLength value="40"/>
          </xsd:restriction>
        </xsd:simpleType>
      </xsd:element>
      <xsd:element name="X774251_ADDR2_FORGN_IND">
        <xsd:simpleType>
          <xsd:restriction base="xsd:integer">
            <xsd:minInclusive value="0.0"/>
            <xsd:maxInclusive value="999.0"/>
          </xsd:restriction>
        </xsd:simpleType>
      </xsd:element>
      <xsd:element name="X774251_DATE_CUST_OPENED">
        <xsd:simpleType>
          <xsd:restriction base="xsd:integer">
            <xsd:minInclusive value="0.0"/>
            <xsd:maxInclusive value="1.0E8"/>
          </xsd:restriction>
        </xsd:simpleType>
      </xsd:element>
      <xsd:element name="X774251_TAXID_SUFFIX">
        <xsd:simpleType>
          <xsd:restriction base="xsd:string">
            <xsd:maxLength value="1"/>
          </xsd:restriction>
        </xsd:simpleType>
      </xsd:element>
      <xsd:element name="X774251_ADR2_START_DATE">
        <xsd:simpleType>
          <xsd:restriction base="xsd:integer">
            <xsd:minInclusive value="0.0"/>
            <xsd:maxInclusive value="1.0E8"/>
          </xsd:restriction>
        </xsd:simpleType>
      </xsd:element>
      <xsd:element name="X774251_ADR2_DATA_TIE">
        <xsd:simpleType>
          <xsd:restriction base="xsd:integer">
            <xsd:minInclusive value="0.0"/>
            <xsd:maxInclusive value="99999.0"/>
          </xsd:restriction>
        </xsd:simpleType>
      </xsd:element>
      <xsd:element name="X774251_TFN_EXEMP_NUM_DIGITS">
        <xsd:simpleType>
          <xsd:restriction base="xsd:string">
            <xsd:maxLength value="1"/>
          </xsd:restriction>
        </xsd:simpleType>
      </xsd:element>
      <xsd:element name="X774251_CUST_SEX">
        <xsd:simpleType>
          <xsd:restriction base="xsd:string">
            <xsd:maxLength value="1"/>
          </xsd:restriction>
        </xsd:simpleType>
      </xsd:element>
      <xsd:element name="X774251_NATLTY_CD">
        <xsd:simpleType>
          <xsd:restriction base="xsd:string">
            <xsd:maxLength value="2"/>
          </xsd:restriction>
        </xsd:simpleType>
      </xsd:element>
    </xsd:sequence>
  </xsd:complexType>
  <xsd:complexType name="STDOUTPT_PRIMARY_HEADER">
    <xsd:sequence>
      <xsd:element name="STDOUTPT_ERROR_MESSAGE">
        <xsd:simpleType>
          <xsd:restriction base="xsd:string">
            <xsd:maxLength value="40"/>
          </xsd:restriction>
        </xsd:simpleType>
      </xsd:element>
      <xsd:element name="STDOUTPT_SERVICE_RESULT_CODE">
        <xsd:simpleType>
          <xsd:restriction base="xsd:integer">
            <xsd:minInclusive value="0.0"/>
            <xsd:maxInclusive value="999.0"/>
          </xsd:restriction>
        </xsd:simpleType>
      </xsd:element>
      <xsd:element name="STDOUTPT_CONDITION_CODE">
        <xsd:simpleType>
          <xsd:restriction base="xsd:integer">
            <xsd:minInclusive value="0.0"/>
            <xsd:maxInclusive value="1.0E8"/>
          </xsd:restriction>
        </xsd:simpleType>
      </xsd:element>
    </xsd:sequence>
  </xsd:complexType>
  <xsd:complexType name="X774251_INDIV_PHONNBR_TBL">
    <xsd:sequence>
      <xsd:element name="X774251_PREF_PHONE_IND">
        <xsd:simpleType>
          <xsd:restriction base="xsd:string">
            <xsd:maxLength value="1"/>
          </xsd:restriction>
        </xsd:simpleType>
      </xsd:element>
      <xsd:element name="X774251_PHONE_EFF_DATE">
        <xsd:simpleType>
          <xsd:restriction base="xsd:integer">
            <xsd:minInclusive value="0.0"/>
            <xsd:maxInclusive value="1.0E8"/>
          </xsd:restriction>
        </xsd:simpleType>
      </xsd:element>
      <xsd:element name="X774251_PHONNBR_SEQ">
        <xsd:simpleType>
          <xsd:restriction base="xsd:integer">
            <xsd:minInclusive value="0.0"/>
            <xsd:maxInclusive value="9999.0"/>
          </xsd:restriction>
        </xsd:simpleType>
      </xsd:element>
      <xsd:element name="X774251_PHONE_NBR">
        <xsd:simpleType>
          <xsd:restriction base="xsd:string">
            <xsd:maxLength value="16"/>
          </xsd:restriction>
        </xsd:simpleType>
      </xsd:element>
      <xsd:element name="X774251_PHONE_EXP_DATE">
        <xsd:simpleType>
          <xsd:restriction base="xsd:integer">
            <xsd:minInclusive value="0.0"/>
            <xsd:maxInclusive value="1.0E8"/>
          </xsd:restriction>
        </xsd:simpleType>
      </xsd:element>
      <xsd:element name="X774251_PHONNBR_TYPE">
        <xsd:simpleType>
          <xsd:restriction base="xsd:string">
            <xsd:maxLength value="6"/>
          </xsd:restriction>
        </xsd:simpleType>
      </xsd:element>
    </xsd:sequence>
  </xsd:complexType>
  <xsd:complexType name="X774251_NAME_1">
    <xsd:sequence>
      <xsd:element name="X774251_NAME_1_COML">
        <xsd:simpleType>
          <xsd:restriction base="xsd:string">
            <xsd:maxLength value="39"/>
          </xsd:restriction>
        </xsd:simpleType>
      </xsd:element>
      <xsd:element name="X774251_NAME_1_TYPE">
        <xsd:simpleType>
          <xsd:restriction base="xsd:string">
            <xsd:maxLength value="1"/>
          </xsd:restriction>
        </xsd:simpleType>
      </xsd:element>
    </xsd:sequence>
  </xsd:complexType>
  <xsd:complexType name="X774251_CML_CONT_TBL">
    <xsd:sequence>
      <xsd:element name="X774251_PREF_CONTACT_IND">
        <xsd:simpleType>
          <xsd:restriction base="xsd:string">
            <xsd:maxLength value="1"/>
          </xsd:restriction>
        </xsd:simpleType>
      </xsd:element>
      <xsd:element name="X774251_CONTACT_MOBILE">
        <xsd:simpleType>
          <xsd:restriction base="xsd:string">
            <xsd:maxLength value="16"/>
          </xsd:restriction>
        </xsd:simpleType>
      </xsd:element>
      <xsd:element name="X774251_CONTACT_SEQ_NBR">
        <xsd:simpleType>
          <xsd:restriction base="xsd:integer">
            <xsd:minInclusive value="0.0"/>
            <xsd:maxInclusive value="9999.0"/>
          </xsd:restriction>
        </xsd:simpleType>
      </xsd:element>
      <xsd:element name="X774251_CONTACT_FAX_NBR">
        <xsd:simpleType>
          <xsd:restriction base="xsd:string">
            <xsd:maxLength value="16"/>
          </xsd:restriction>
        </xsd:simpleType>
      </xsd:element>
      <xsd:element name="X774251_CONTACT_PHONE">
        <xsd:simpleType>
          <xsd:restriction base="xsd:string">
            <xsd:maxLength value="16"/>
          </xsd:restriction>
        </xsd:simpleType>
      </xsd:element>
      <xsd:element name="X774251_CONTACT_NAME">
        <xsd:simpleType>
          <xsd:restriction base="xsd:string">
            <xsd:maxLength value="40"/>
          </xsd:restriction>
        </xsd:simpleType>
      </xsd:element>
      <xsd:element name="X774251_CONTACT_TITLE">
        <xsd:simpleType>
          <xsd:restriction base="xsd:string">
            <xsd:maxLength value="40"/>
          </xsd:restriction>
        </xsd:simpleType>
      </xsd:element>
    </xsd:sequence>
  </xsd:complexType>
  <xsd:complexType name="X774251_BANK_RELATIONSHIPS">
    <xsd:sequence>
      <xsd:element name="X774251_BK_REL">
        <xsd:simpleType>
          <xsd:restriction base="xsd:string">
            <xsd:maxLength value="3"/>
          </xsd:restriction>
        </xsd:simpleType>
      </xsd:element>
    </xsd:sequence>
  </xsd:complexType>
  <xsd:complexType name="X774251_BANK_SERVICES">
    <xsd:sequence>
      <xsd:element name="X774251_BK_SER">
        <xsd:simpleType>
          <xsd:restriction base="xsd:string">
            <xsd:maxLength value="3"/>
          </xsd:restriction>
        </xsd:simpleType>
      </xsd:element>
    </xsd:sequence>
  </xsd:complexType>
  <xsd:complexType name="X774251_CD_ACCT_DETAILS">
    <xsd:sequence>
      <xsd:element name="X774251_CD_LAST_ACCT_NUMBER">
        <xsd:simpleType>
          <xsd:restriction base="xsd:string">
            <xsd:maxLength value="23"/>
          </xsd:restriction>
        </xsd:simpleType>
      </xsd:element>
      <xsd:element maxOccurs="150" minOccurs="150" name="X774251_CD_ACCT_DATA" type="tns:X774251_CD_ACCT_DATA"/>
      <xsd:element name="X774251_CD_NUM_ACCTS_RETND">
        <xsd:simpleType>
          <xsd:restriction base="xsd:integer">
            <xsd:minInclusive value="0.0"/>
            <xsd:maxInclusive value="999.0"/>
          </xsd:restriction>
        </xsd:simpleType>
      </xsd:element>
      <xsd:element name="X774251_CD_LAST_ACCT_PROD">
        <xsd:simpleType>
          <xsd:restriction base="xsd:string">
            <xsd:maxLength value="3"/>
          </xsd:restriction>
        </xsd:simpleType>
      </xsd:element>
      <xsd:element name="X774251_CD_MORE_ACCTS_IND">
        <xsd:simpleType>
          <xsd:restriction base="xsd:string">
            <xsd:maxLength value="1"/>
          </xsd:restriction>
        </xsd:simpleType>
      </xsd:element>
    </xsd:sequence>
  </xsd:complexType>
  <xsd:complexType name="X774251_CD_ACCT_DATA">
    <xsd:sequence>
      <xsd:element name="X774251_CD_PRODUCT_CODE">
        <xsd:simpleType>
          <xsd:restriction base="xsd:string">
            <xsd:maxLength value="3"/>
          </xsd:restriction>
        </xsd:simpleType>
      </xsd:element>
      <xsd:element name="X774251_CD_ACCT_REL_CODE">
        <xsd:simpleType>
          <xsd:restriction base="xsd:string">
            <xsd:maxLength value="3"/>
          </xsd:restriction>
        </xsd:simpleType>
      </xsd:element>
      <xsd:element name="X774251_CD_BALANCE_SIGN">
        <xsd:simpleType>
          <xsd:restriction base="xsd:string">
            <xsd:maxLength value="1"/>
          </xsd:restriction>
        </xsd:simpleType>
      </xsd:element>
      <xsd:element name="X774251_CD_SUBPROD_CODE">
        <xsd:simpleType>
          <xsd:restriction base="xsd:string">
            <xsd:maxLength value="3"/>
          </xsd:restriction>
        </xsd:simpleType>
      </xsd:element>
      <xsd:element name="X774251_CD_LIMIT">
        <xsd:simpleType>
          <xsd:restriction base="xsd:double">
            <xsd:minInclusive value="0.0"/>
            <xsd:maxInclusive value="9.99999982796899E12"/>
          </xsd:restriction>
        </xsd:simpleType>
      </xsd:element>
      <xsd:element name="X774251_CD_ACCT_BRANCH">
        <xsd:simpleType>
          <xsd:restriction base="xsd:integer">
            <xsd:minInclusive value="0.0"/>
            <xsd:maxInclusive value="99999.0"/>
          </xsd:restriction>
        </xsd:simpleType>
      </xsd:element>
      <xsd:element name="X774251_CD_ACCT_NUMBER">
        <xsd:simpleType>
          <xsd:restriction base="xsd:string">
            <xsd:maxLength value="23"/>
          </xsd:restriction>
        </xsd:simpleType>
      </xsd:element>
      <xsd:element name="X774251_CD_LIMIT_SIGN">
        <xsd:simpleType>
          <xsd:restriction base="xsd:string">
            <xsd:maxLength value="1"/>
          </xsd:restriction>
        </xsd:simpleType>
      </xsd:element>
      <xsd:element name="X774251_CD_BALANCE">
        <xsd:simpleType>
          <xsd:restriction base="xsd:double">
            <xsd:minInclusive value="0.0"/>
            <xsd:maxInclusive value="9.99999982796899E12"/>
          </xsd:restriction>
        </xsd:simpleType>
      </xsd:element>
      <xsd:element name="X774251_CD_DATE_ACT_OPENED">
        <xsd:simpleType>
          <xsd:restriction base="xsd:integer">
            <xsd:minInclusive value="0.0"/>
            <xsd:maxInclusive value="1.0E8"/>
          </xsd:restriction>
        </xsd:simpleType>
      </xsd:element>
      <xsd:element name="X774251_CD_ACCT_STATUS">
        <xsd:simpleType>
          <xsd:restriction base="xsd:string">
            <xsd:maxLength value="3"/>
          </xsd:restriction>
        </xsd:simpleType>
      </xsd:element>
      <xsd:element name="X774251_CD_RISK_GRADE">
        <xsd:simpleType>
          <xsd:restriction base="xsd:string">
            <xsd:maxLength value="2"/>
          </xsd:restriction>
        </xsd:simpleType>
      </xsd:element>
    </xsd:sequence>
  </xsd:complexType>
</xsd:schema>

	]]></inlinedXMLSchema>

	<inlinedXMLSchema targetNamespace="http://www.ibm.com/zosConnect/2.0/mapping/HTTP/output/GET"><![CDATA[

    <?xml version="1.0" encoding="UTF-8"?>
    <xsd:schema xmlns:xsd="http://www.w3.org/2001/XMLSchema"
      targetNamespace="http://www.ibm.com/zosConnect/2.0/mapping/HTTP/output/GET"
      xmlns:body="http://www.ibm.com/zosConnect/2.0/mapping/JSON/input/GET"
      xmlns:tns="http://www.ibm.com/zosConnect/2.0/mapping/HTTP/output/GET">

      <xsd:import namespace="http://www.ibm.com/zosConnect/2.0/mapping/JSON/input/GET" schemaLocation="../schema_0.xsd"/>

      <xsd:element name="HTTPResponse" type="tns:HTTPResponseType"/>

      <xsd:complexType name="HTTPResponseType">
        <xsd:sequence>
          <xsd:element name="Headers" type="tns:HeadersType"/>
          <xsd:element name="Body" type="tns:BodyType"/>
        </xsd:sequence>
      </xsd:complexType>

      <xsd:complexType name="HeadersType">
        <xsd:sequence>
        </xsd:sequence>
      </xsd:complexType>

      <xsd:complexType name="BodyType">
        <xsd:sequence>
          <xsd:element ref="body:X774408_CIS_CIF_MQ_DETAIL_V01"/>
        </xsd:sequence>
      </xsd:complexType>
    </xsd:schema>

	]]></inlinedXMLSchema>

    <input inlinedXMLSchema="true" path="../schema_0.xsd" targetNamespace="http://www.ibm.com/zosConnect/2.0/mapping/JSON/input/GET" var="rootInput"/>
    <output inlinedXMLSchema="true" path="../schema_1.xsd" targetNamespace="http://www.ibm.com/zosConnect/2.0/mapping/HTTP/output/GET" var="rootOutput"/>
    <namespaces>
        <namespace kind="supplement" prefix="in" uri="http://www.ibm.com/zosConnect/2.0/mapping/JSON/input/GET"/>
        <namespace kind="supplement" prefix="out" uri="http://www.ibm.com/zosConnect/2.0/mapping/HTTP/output/GET"/>
    </namespaces>
    <mappingDeclaration name="GET.newPath1">
        <input namespace="http://www.ibm.com/zosConnect/2.0/mapping/JSON/input/GET" path="$rootInput/X774408_CIS_CIF_MQ_DETAIL_V01"/>
        <output namespace="http://www.ibm.com/zosConnect/2.0/mapping/HTTP/output/GET" path="$rootOutput/HTTPResponse"/>
        <passthrough>
            <input path="."/>
            <output path="Body/X774408_CIS_CIF_MQ_DETAIL_V01"/>
            <updates>
            </updates>
        </passthrough>
    </mappingDeclaration>

</mappingRoot>
